#
# There is insufficient memory for the Java Runtime Environment to continue.
# Native memory allocation (mmap) failed to map 54525952 bytes. Error detail: committing reserved memory.
# Possible reasons:
#   The system is out of physical RAM or swap space
#   This process is running with CompressedOops enabled, and the Java Heap may be blocking the growth of the native heap
# Possible solutions:
#   Reduce memory load on the system
#   Increase physical memory or swap space
#   Check if swap backing store is full
#   Decrease Java heap size (-Xmx/-Xms)
#   Decrease number of Java threads
#   Decrease Java thread stack sizes (-Xss)
#   Set larger code cache with -XX:ReservedCodeCacheSize=
#   JVM is running with Unscaled Compressed Oops mode in which the Java heap is
#     placed in the first 4GB address space. The Java Heap base address is the
#     maximum limit for the native heap growth. Please use -XX:HeapBaseMinAddress
#     to set the Java Heap base and to place the Java Heap above 4GB virtual address.
# This output file may be truncated or incomplete.
#
#  Out of Memory Error (os_linux.cpp:2834), pid=8408, tid=8417
#
# JRE version: OpenJDK Runtime Environment (17.0.20+8) (build 17.0.20+8-1-deb12u1-Debian)
# Java VM: OpenJDK 64-Bit Server VM (17.0.20+8-1-deb12u1-Debian, mixed mode, sharing, tiered, compressed oops, compressed class ptrs, g1 gc, linux-amd64)
# No core dump will be written. Core dumps have been disabled. To enable core dumping, try "ulimit -c unlimited" before starting Java again
#

---------------  S U M M A R Y ------------

Command Line: org.jetbrains.kotlin.cli.jvm.K2JVMCompiler @/workspace/app/build/20261006_435843499017441049.compiler.options

Host: Intel(R) Xeon(R) Processor @ 2.50GHz, 2 cores, 2G, Debian GNU/Linux 12 (bookworm)
Time: Tue Oct  6 12:06:36 2026 UTC elapsed time: 6.620720 seconds (0d 0h 0m 6s)

---------------  T H R E A D  ---------------

Current thread (0x00007f0c10091660):  VMThread "VM Thread" [stack: 0x00007f0bf9163000,0x00007f0bf9263000] [id=8417]

Stack: [0x00007f0bf9163000,0x00007f0bf9263000],  sp=0x00007f0bf9260d70,  free space=1015k
Native frames: (J=compiled Java code, j=interpreted, Vv=VM code, C=native code)
V  [libjvm.so+0xf21211]  VMError::report_and_die(int, char const*, char const*, __va_list_tag*, Thread*, unsigned char*, void*, void*, char const*, int, unsigned long)+0x171
V  [libjvm.so+0xf21d7d]  VMError::report_and_die(Thread*, char const*, int, unsigned long, VMErrorType, char const*, __va_list_tag*)+0x2d
V  [libjvm.so+0x60378c]  report_vm_out_of_memory(char const*, int, unsigned long, VMErrorType, char const*, ...)+0xdc
V  [libjvm.so+0xc2a14b]  os::pd_commit_memory_or_exit(char*, unsigned long, unsigned long, bool, char const*)+0xeb
V  [libjvm.so+0xc23ffb]  os::commit_memory_or_exit(char*, unsigned long, unsigned long, bool, char const*)+0x1b
V  [libjvm.so+0x733436]  G1PageBasedVirtualSpace::commit(unsigned long, unsigned long)+0x66
V  [libjvm.so+0x7473e0]  G1RegionsLargerThanCommitSizeMapper::commit_regions(unsigned int, unsigned long, WorkGang*)+0x110
V  [libjvm.so+0x7dadc8]  HeapRegionManager::commit_regions(unsigned int, unsigned long, WorkGang*)+0x88
V  [libjvm.so+0x7dcc0b]  HeapRegionManager::expand(unsigned int, unsigned int, WorkGang*)+0x2b
V  [libjvm.so+0x7dce27]  HeapRegionManager::expand_by(unsigned int, WorkGang*)+0x77
V  [libjvm.so+0x6ebed8]  G1CollectedHeap::expand(unsigned long, WorkGang*, double*)+0xe8
V  [libjvm.so+0x6efb29]  G1CollectedHeap::do_collection_pause_at_safepoint_helper(double)+0x8a9
V  [libjvm.so+0x6efb8f]  G1CollectedHeap::do_collection_pause_at_safepoint(double)+0x2f
V  [libjvm.so+0x76b9d7]  VM_G1CollectForAllocation::doit()+0x47
V  [libjvm.so+0xf26715]  VM_Operation::evaluate()+0xe5
V  [libjvm.so+0xf28005]  VMThread::evaluate_operation(VM_Operation*)+0x105
V  [libjvm.so+0xf2857f]  VMThread::inner_execute(VM_Operation*)+0x28f
V  [libjvm.so+0xf2878f]  VMThread::run()+0xbf
V  [libjvm.so+0xea40a5]  Thread::call_run()+0xa5
V  [libjvm.so+0xc2c8f3]  thread_native_entry(Thread*)+0xe3

VM_Operation (0x00007f0c17ef59a0): G1CollectForAllocation, mode: safepoint, requested by thread 0x00007f0c100186f0


---------------  P R O C E S S  ---------------

Threads class SMR info:
_java_thread_list=0x00007f0c100aff80, length=11, elements={
0x00007f0c100186f0, 0x00007f0c10095630, 0x00007f0c10096a10, 0x00007f0c1009d620,
0x00007f0c1009e9d0, 0x00007f0c1009fde0, 0x00007f0c100a1790, 0x00007f0c100a2cc0,
0x00007f0c100a4130, 0x00007f0c100abfc0, 0x00007f0c100aeff0
}

Java Threads: ( => current thread )
  0x00007f0c100186f0 JavaThread "main" [_thread_blocked, id=8411, stack(0x00007f0c17dfc000,0x00007f0c17efc000)]
  0x00007f0c10095630 JavaThread "Reference Handler" daemon [_thread_blocked, id=8418, stack(0x00007f0bf9062000,0x00007f0bf9162000)]
  0x00007f0c10096a10 JavaThread "Finalizer" daemon [_thread_blocked, id=8419, stack(0x00007f0bf8f61000,0x00007f0bf9061000)]
  0x00007f0c1009d620 JavaThread "Signal Dispatcher" daemon [_thread_blocked, id=8420, stack(0x00007f0bf8e09000,0x00007f0bf8f09000)]
  0x00007f0c1009e9d0 JavaThread "Service Thread" daemon [_thread_blocked, id=8421, stack(0x00007f0bf8d08000,0x00007f0bf8e08000)]
  0x00007f0c1009fde0 JavaThread "Monitor Deflation Thread" daemon [_thread_blocked, id=8422, stack(0x00007f0bf8c07000,0x00007f0bf8d07000)]
  0x00007f0c100a1790 JavaThread "C2 CompilerThread0" daemon [_thread_blocked, id=8423, stack(0x00007f0bf8b06000,0x00007f0bf8c06000)]
  0x00007f0c100a2cc0 JavaThread "C1 CompilerThread0" daemon [_thread_blocked, id=8424, stack(0x00007f0bf8a05000,0x00007f0bf8b05000)]
  0x00007f0c100a4130 JavaThread "Sweeper thread" daemon [_thread_blocked, id=8425, stack(0x00007f0bf8904000,0x00007f0bf8a04000)]
  0x00007f0c100abfc0 JavaThread "Notification Thread" daemon [_thread_blocked, id=8426, stack(0x00007f0bf8803000,0x00007f0bf8903000)]
  0x00007f0c100aeff0 JavaThread "Common-Cleaner" daemon [_thread_blocked, id=8428, stack(0x00007f0bf8601000,0x00007f0bf8701000)]

Other Threads:
=>0x00007f0c10091660 VMThread "VM Thread" [stack: 0x00007f0bf9163000,0x00007f0bf9263000] [id=8417]
  0x00007f0c100ad900 WatcherThread [stack: 0x00007f0bf8702000,0x00007f0bf8802000] [id=8427]
  0x00007f0c10046240 GCTaskThread "GC Thread#0" [stack: 0x00007f0c165d0000,0x00007f0c166d0000] [id=8412]
  0x00007f0b980047b0 GCTaskThread "GC Thread#1" [stack: 0x00007f0bf84f0000,0x00007f0bf85f0000] [id=8429]
  0x00007f0c1004b820 ConcurrentGCThread "G1 Main Marker" [stack: 0x00007f0c164cf000,0x00007f0c165cf000] [id=8413]
  0x00007f0c1004c790 ConcurrentGCThread "G1 Conc#0" [stack: 0x00007f0c163ce000,0x00007f0c164ce000] [id=8414]
  0x00007f0c1006b3c0 ConcurrentGCThread "G1 Refine#0" [stack: 0x00007f0c140cb000,0x00007f0c141cb000] [id=8415]
  0x00007f0be4000ea0 ConcurrentGCThread "G1 Refine#1" [stack: 0x00007f0bf8100000,0x00007f0bf8200000] [id=8434]
  0x00007f0c1006c2c0 ConcurrentGCThread "G1 Service" [stack: 0x00007f0bf9411000,0x00007f0bf9511000] [id=8416]

Threads with active compile tasks:
C2 CompilerThread0  6632 3343       4       org.jetbrains.kotlin.load.java.structure.impl.classFiles.BinaryClassSignatureParser::parseParameterizedClassRefSignature (262 bytes)

VM state: at safepoint (normal execution)

VM Mutex/Monitor currently owned by a thread:  ([mutex/lock_event])
[0x00007f0c10015810] Threads_lock - owner thread: 0x00007f0c10091660
[0x00007f0c10015fc0] Heap_lock - owner thread: 0x00007f0c100186f0

Heap address: 0x00000000e0000000, size: 512 MB, Compressed Oops mode: 32-bit

CDS archive(s) mapped at: [0x00007f0ba3000000-0x00007f0ba3bca000-0x00007f0ba3bca000), size 12361728, SharedBaseAddress: 0x00007f0ba3000000, ArchiveRelocationMode: 1.
Compressed class space mapped at: 0x00007f0ba4000000-0x00007f0be4000000, reserved size: 1073741824
Narrow klass base: 0x00007f0ba3000000, Narrow klass shift: 0, Narrow klass range: 0x100000000

GC Precious Log:
 CPUs: 2 total, 2 available
 Memory: 2048M
 Large Page Support: Disabled
 NUMA Support: Disabled
 Compressed Oops: Enabled (32-bit)
 Heap Region Size: 1M
 Heap Min Capacity: 8M
 Heap Initial Capacity: 32M
 Heap Max Capacity: 512M
 Pre-touch: Disabled
 Parallel Workers: 2
 Concurrent Workers: 1
 Concurrent Refinement Workers: 2
 Periodic GC: Disabled

Heap:
 garbage-first heap   total 53248K, used 30025K [0x00000000e0000000, 0x0000000100000000)
  region size 1024K, 2 young (2048K), 2 survivors (2048K)
 Metaspace       used 36588K, committed 36800K, reserved 1114112K
  class space    used 4518K, committed 4608K, reserved 1048576K

Heap Regions: E=young(eden), S=young(survivor), O=old, HS=humongous(starts), HC=humongous(continues), CS=collection set, F=free, OA=open archive, CA=closed archive, TAMS=top-at-mark-start (previous, next)
|   0|0x00000000e0000000, 0x00000000e0100000, 0x00000000e0100000|100%|HS|  |TAMS 0x00000000e0100000, 0x00000000e0100000| Complete 
|   1|0x00000000e0100000, 0x00000000e0200000, 0x00000000e0200000|100%|HC|  |TAMS 0x00000000e0200000, 0x00000000e0200000| Complete 
|   2|0x00000000e0200000, 0x00000000e0300000, 0x00000000e0300000|100%|HC|  |TAMS 0x00000000e0300000, 0x00000000e0300000| Complete 
|   3|0x00000000e0300000, 0x00000000e0400000, 0x00000000e0400000|100%|HC|  |TAMS 0x00000000e0400000, 0x00000000e0400000| Complete 
|   4|0x00000000e0400000, 0x00000000e0500000, 0x00000000e0500000|100%| O|  |TAMS 0x00000000e0500000, 0x00000000e0500000| Untracked 
|   5|0x00000000e0500000, 0x00000000e0600000, 0x00000000e0600000|100%| O|  |TAMS 0x00000000e0600000, 0x00000000e0600000| Untracked 
|   6|0x00000000e0600000, 0x00000000e0700000, 0x00000000e0700000|100%| O|  |TAMS 0x00000000e0700000, 0x00000000e0700000| Untracked 
|   7|0x00000000e0700000, 0x00000000e0800000, 0x00000000e0800000|100%| O|  |TAMS 0x00000000e0800000, 0x00000000e0800000| Untracked 
|   8|0x00000000e0800000, 0x00000000e0900000, 0x00000000e0900000|100%| O|  |TAMS 0x00000000e0900000, 0x00000000e0900000| Untracked 
|   9|0x00000000e0900000, 0x00000000e0a00000, 0x00000000e0a00000|100%| O|  |TAMS 0x00000000e0a00000, 0x00000000e0a00000| Untracked 
|  10|0x00000000e0a00000, 0x00000000e0b00000, 0x00000000e0b00000|100%| O|  |TAMS 0x00000000e0b00000, 0x00000000e0b00000| Untracked 
|  11|0x00000000e0b00000, 0x00000000e0c00000, 0x00000000e0c00000|100%| O|  |TAMS 0x00000000e0c00000, 0x00000000e0c00000| Untracked 
|  12|0x00000000e0c00000, 0x00000000e0d00000, 0x00000000e0d00000|100%| O|  |TAMS 0x00000000e0d00000, 0x00000000e0d00000| Untracked 
|  13|0x00000000e0d00000, 0x00000000e0e00000, 0x00000000e0e00000|100%| O|  |TAMS 0x00000000e0e00000, 0x00000000e0e00000| Untracked 
|  14|0x00000000e0e00000, 0x00000000e0f00000, 0x00000000e0f00000|100%| O|  |TAMS 0x00000000e0f00000, 0x00000000e0f00000| Untracked 
|  15|0x00000000e0f00000, 0x00000000e1000000, 0x00000000e1000000|100%| O|  |TAMS 0x00000000e1000000, 0x00000000e1000000| Untracked 
|  16|0x00000000e1000000, 0x00000000e1100000, 0x00000000e1100000|100%| O|  |TAMS 0x00000000e1100000, 0x00000000e1100000| Untracked 
|  17|0x00000000e1100000, 0x00000000e1200000, 0x00000000e1200000|100%| O|  |TAMS 0x00000000e1200000, 0x00000000e1200000| Untracked 
|  18|0x00000000e1200000, 0x00000000e1300000, 0x00000000e1300000|100%| O|  |TAMS 0x00000000e1300000, 0x00000000e1300000| Untracked 
|  19|0x00000000e1300000, 0x00000000e1400000, 0x00000000e1400000|100%| O|  |TAMS 0x00000000e1400000, 0x00000000e1400000| Untracked 
|  20|0x00000000e1400000, 0x00000000e1500000, 0x00000000e1500000|100%|HS|  |TAMS 0x00000000e1500000, 0x00000000e1500000| Complete 
|  21|0x00000000e1500000, 0x00000000e1600000, 0x00000000e1600000|100%|HC|  |TAMS 0x00000000e1600000, 0x00000000e1600000| Complete 
|  22|0x00000000e1600000, 0x00000000e1700000, 0x00000000e1700000|100%| O|  |TAMS 0x00000000e1700000, 0x00000000e1700000| Untracked 
|  23|0x00000000e1700000, 0x00000000e1800000, 0x00000000e1800000|100%| O|  |TAMS 0x00000000e1700000, 0x00000000e1700000| Untracked 
|  24|0x00000000e1800000, 0x00000000e1900000, 0x00000000e1900000|100%| O|  |TAMS 0x00000000e1900000, 0x00000000e1900000| Untracked 
|  25|0x00000000e1900000, 0x00000000e1a00000, 0x00000000e1a00000|100%| O|  |TAMS 0x00000000e1975400, 0x00000000e19f7200| Untracked 
|  26|0x00000000e1a00000, 0x00000000e1a65400, 0x00000000e1b00000| 39%| O|  |TAMS 0x00000000e1a00000, 0x00000000e1a00000| Untracked 
|  27|0x00000000e1b00000, 0x00000000e1b00000, 0x00000000e1c00000|  0%| F|  |TAMS 0x00000000e1b00000, 0x00000000e1b00000| Untracked 
|  28|0x00000000e1c00000, 0x00000000e1c00000, 0x00000000e1d00000|  0%| F|  |TAMS 0x00000000e1c00000, 0x00000000e1c00000| Untracked 
|  29|0x00000000e1d00000, 0x00000000e1d00000, 0x00000000e1e00000|  0%| F|  |TAMS 0x00000000e1d00000, 0x00000000e1d00000| Untracked 
|  30|0x00000000e1e00000, 0x00000000e1e00000, 0x00000000e1f00000|  0%| F|  |TAMS 0x00000000e1e00000, 0x00000000e1e00000| Untracked 
|  31|0x00000000e1f00000, 0x00000000e1f00000, 0x00000000e2000000|  0%| F|  |TAMS 0x00000000e1f00000, 0x00000000e1f00000| Untracked 
|  32|0x00000000e2000000, 0x00000000e2000000, 0x00000000e2100000|  0%| F|  |TAMS 0x00000000e2000000, 0x00000000e2000000| Untracked 
|  33|0x00000000e2100000, 0x00000000e2100000, 0x00000000e2200000|  0%| F|  |TAMS 0x00000000e2100000, 0x00000000e2100000| Untracked 
|  34|0x00000000e2200000, 0x00000000e2300000, 0x00000000e2300000|100%| S|CS|TAMS 0x00000000e2200000, 0x00000000e2200000| Complete 
|  35|0x00000000e2300000, 0x00000000e2300000, 0x00000000e2400000|  0%| F|  |TAMS 0x00000000e2300000, 0x00000000e2300000| Untracked 
|  36|0x00000000e2400000, 0x00000000e2500000, 0x00000000e2500000|100%| S|CS|TAMS 0x00000000e2400000, 0x00000000e2400000| Complete 
|  37|0x00000000e2500000, 0x00000000e2500000, 0x00000000e2600000|  0%| F|  |TAMS 0x00000000e2500000, 0x00000000e2500000| Untracked 
|  38|0x00000000e2600000, 0x00000000e2600000, 0x00000000e2700000|  0%| F|  |TAMS 0x00000000e2600000, 0x00000000e2600000| Untracked 
|  39|0x00000000e2700000, 0x00000000e2700000, 0x00000000e2800000|  0%| F|  |TAMS 0x00000000e2700000, 0x00000000e2700000| Untracked 
|  40|0x00000000e2800000, 0x00000000e2800000, 0x00000000e2900000|  0%| F|  |TAMS 0x00000000e2800000, 0x00000000e2800000| Untracked 
|  41|0x00000000e2900000, 0x00000000e2900000, 0x00000000e2a00000|  0%| F|  |TAMS 0x00000000e2900000, 0x00000000e2900000| Untracked 
|  42|0x00000000e2a00000, 0x00000000e2a00000, 0x00000000e2b00000|  0%| F|  |TAMS 0x00000000e2a00000, 0x00000000e2a00000| Untracked 
|  43|0x00000000e2b00000, 0x00000000e2b00000, 0x00000000e2c00000|  0%| F|  |TAMS 0x00000000e2b00000, 0x00000000e2b00000| Untracked 
|  44|0x00000000e2c00000, 0x00000000e2c00000, 0x00000000e2d00000|  0%| F|  |TAMS 0x00000000e2c00000, 0x00000000e2c00000| Untracked 
|  45|0x00000000e2d00000, 0x00000000e2d00000, 0x00000000e2e00000|  0%| F|  |TAMS 0x00000000e2d00000, 0x00000000e2d00000| Untracked 
|  46|0x00000000e2e00000, 0x00000000e2e00000, 0x00000000e2f00000|  0%| F|  |TAMS 0x00000000e2e00000, 0x00000000e2e00000| Untracked 
|  47|0x00000000e2f00000, 0x00000000e2f00000, 0x00000000e3000000|  0%| F|  |TAMS 0x00000000e2f00000, 0x00000000e2f00000| Untracked 
|  48|0x00000000e3000000, 0x00000000e3000000, 0x00000000e3100000|  0%| F|  |TAMS 0x00000000e3000000, 0x00000000e3000000| Untracked 
|  49|0x00000000e3100000, 0x00000000e3100000, 0x00000000e3200000|  0%| F|  |TAMS 0x00000000e3100000, 0x00000000e3100000| Untracked 
| 510|0x00000000ffe00000, 0x00000000ffe75000, 0x00000000fff00000| 45%|OA|  |TAMS 0x00000000ffe75000, 0x00000000ffe75000| Untracked 
| 511|0x00000000fff00000, 0x00000000fff78000, 0x0000000100000000| 46%|CA|  |TAMS 0x00000000fff78000, 0x00000000fff78000| Untracked 

Card table byte_map: [0x00007f0c177e2000,0x00007f0c178e2000] _byte_map_base: 0x00007f0c170e2000

Marking Bits (Prev, Next): (CMBitMap*) 0x00007f0c10046d10, (CMBitMap*) 0x00007f0c10046cd0
 Prev Bits: [0x00007f0c166e2000, 0x00007f0c16ee2000)
 Next Bits: [0x00007f0c16ee2000, 0x00007f0c176e2000)

Polling page: 0x00007f0c19799000

Metaspace:

Usage:
  Non-class:     31.32 MB used.
      Class:      4.41 MB used.
       Both:     35.73 MB used.

Virtual space:
  Non-class space:       64.00 MB reserved,      31.44 MB ( 49%) committed,  1 nodes.
      Class space:        1.00 GB reserved,       4.50 MB ( <1%) committed,  1 nodes.
             Both:        1.06 GB reserved,      35.94 MB (  3%) committed. 

Chunk freelists:
   Non-Class:  15.52 MB
       Class:  11.31 MB
        Both:  26.83 MB

MaxMetaspaceSize: unlimited
CompressedClassSpaceSize: 1.00 GB
Initial GC threshold: 21.00 MB
Current GC threshold: 57.31 MB
CDS: on
MetaspaceReclaimPolicy: balanced
 - commit_granule_bytes: 65536.
 - commit_granule_words: 8192.
 - virtual_space_node_default_size: 8388608.
 - enlarge_chunks_in_place: 1.
 - new_chunks_are_fully_committed: 0.
 - uncommit_free_chunks: 1.
 - use_allocation_guard: 0.
 - handle_deallocations: 1.


Internal statistics:

num_allocs_failed_limit: 0.
num_arena_births: 160.
num_arena_deaths: 0.
num_vsnodes_births: 2.
num_vsnodes_deaths: 0.
num_space_committed: 573.
num_space_uncommitted: 0.
num_chunks_returned_to_freelist: 0.
num_chunks_taken_from_freelist: 1402.
num_chunk_merges: 0.
num_chunk_splits: 1148.
num_chunks_enlarged: 1030.
num_inconsistent_stats: 0.

CodeHeap 'non-profiled nmethods': size=120036Kb used=1381Kb max_used=1381Kb free=118654Kb
 bounds [0x00007f0c00fd8000, 0x00007f0c01248000, 0x00007f0c08511000]
CodeHeap 'profiled nmethods': size=120032Kb used=6976Kb max_used=6976Kb free=113055Kb
 bounds [0x00007f0bf9511000, 0x00007f0bf9bf1000, 0x00007f0c00a49000]
CodeHeap 'non-nmethods': size=5692Kb used=1262Kb max_used=1310Kb free=4429Kb
 bounds [0x00007f0c00a49000, 0x00007f0c00cb9000, 0x00007f0c00fd8000]
 total_blobs=4064 nmethods=3495 adapters=482
 compilation: enabled
              stopped_count=0, restarted_count=0
 full_count=0

Compilation events (20 events):
Event: 6.548 Thread 0x00007f0c100a2cc0 3501       2       org.jetbrains.kotlin.load.kotlin.FileBasedKotlinClass::resolveNameByInternalName (178 bytes)
Event: 6.596 Thread 0x00007f0c100a2cc0 nmethod 3501 0x00007f0bf9bdd610 code [0x00007f0bf9bdd980, 0x00007f0bf9bde6e0]
Event: 6.597 Thread 0x00007f0c100a2cc0 3502       2       kotlin.sequences.FlatteningSequence$iterator$1::hasNext (5 bytes)
Event: 6.597 Thread 0x00007f0c100a2cc0 nmethod 3502 0x00007f0bf9bdef90 code [0x00007f0bf9bdf140, 0x00007f0bf9bdf260]
Event: 6.598 Thread 0x00007f0c100a2cc0 3503       1       org.jetbrains.kotlin.utils.SmartSet::getSize (5 bytes)
Event: 6.598 Thread 0x00007f0c100a2cc0 nmethod 3503 0x00007f0c01131110 code [0x00007f0c011312a0, 0x00007f0c01131370]
Event: 6.609 Thread 0x00007f0c100a2cc0 3504       1       org.jetbrains.kotlin.types.FlexibleType::getLowerBound (5 bytes)
Event: 6.609 Thread 0x00007f0c100a2cc0 nmethod 3504 0x00007f0c01131410 code [0x00007f0c011315a0, 0x00007f0c01131670]
Event: 6.609 Thread 0x00007f0c100a2cc0 3505       2       org.jetbrains.kotlin.load.java.structure.impl.classFiles.PlainJavaAnnotationArgument::<init> (62 bytes)
Event: 6.609 Thread 0x00007f0c100a2cc0 nmethod 3505 0x00007f0bf9bdf310 code [0x00007f0bf9bdf4e0, 0x00007f0bf9bdf7e0]
Event: 6.610 Thread 0x00007f0c100a2cc0 3506       2       org.jetbrains.org.objectweb.asm.ClassReader::<init> (9 bytes)
Event: 6.610 Thread 0x00007f0c100a2cc0 nmethod 3506 0x00007f0bf9bdf910 code [0x00007f0bf9bdfac0, 0x00007f0bf9bdfc00]
Event: 6.610 Thread 0x00007f0c100a2cc0 3507       2       org.jetbrains.org.objectweb.asm.ClassVisitor::<init> (7 bytes)
Event: 6.610 Thread 0x00007f0c100a2cc0 nmethod 3507 0x00007f0bf9bdfd10 code [0x00007f0bf9bdfec0, 0x00007f0bf9bdffe0]
Event: 6.610 Thread 0x00007f0c100a2cc0 3508       2       org.jetbrains.org.objectweb.asm.ClassReader::accept (11 bytes)
Event: 6.610 Thread 0x00007f0c100a2cc0 nmethod 3508 0x00007f0bf9be0090 code [0x00007f0bf9be0240, 0x00007f0bf9be0400]
Event: 6.610 Thread 0x00007f0c100a2cc0 3509       2       org.jetbrains.kotlin.load.kotlin.FileBasedKotlinClass::resolveNameByDesc (87 bytes)
Event: 6.610 Thread 0x00007f0c100a2cc0 nmethod 3509 0x00007f0bf9be0510 code [0x00007f0bf9be06e0, 0x00007f0bf9be0890]
Event: 6.611 Thread 0x00007f0c100a2cc0 3510       2       org.jetbrains.kotlin.descriptors.impl.ModuleDescriptorImpl::getPackage (25 bytes)
Event: 6.611 Thread 0x00007f0c100a2cc0 nmethod 3510 0x00007f0bf9be0a10 code [0x00007f0bf9be0c20, 0x00007f0bf9be0fb0]

GC Heap History (20 events):
Event: 3.035 GC heap after
{Heap after GC invocations=11 (full 0):
 garbage-first heap   total 43008K, used 16320K [0x00000000e0000000, 0x0000000100000000)
  region size 1024K, 1 young (1024K), 1 survivors (1024K)
 Metaspace       used 22407K, committed 22592K, reserved 1114112K
  class space    used 3076K, committed 3136K, reserved 1048576K
}
Event: 3.453 GC heap before
{Heap before GC invocations=11 (full 0):
 garbage-first heap   total 43008K, used 29632K [0x00000000e0000000, 0x0000000100000000)
  region size 1024K, 14 young (14336K), 1 survivors (1024K)
 Metaspace       used 24949K, committed 25216K, reserved 1114112K
  class space    used 3321K, committed 3456K, reserved 1048576K
}
Event: 3.457 GC heap after
{Heap after GC invocations=12 (full 0):
 garbage-first heap   total 43008K, used 17600K [0x00000000e0000000, 0x0000000100000000)
  region size 1024K, 2 young (2048K), 2 survivors (2048K)
 Metaspace       used 24949K, committed 25216K, reserved 1114112K
  class space    used 3321K, committed 3456K, reserved 1048576K
}
Event: 3.752 GC heap before
{Heap before GC invocations=12 (full 0):
 garbage-first heap   total 43008K, used 28864K [0x00000000e0000000, 0x0000000100000000)
  region size 1024K, 14 young (14336K), 2 survivors (2048K)
 Metaspace       used 27272K, committed 27520K, reserved 1114112K
  class space    used 3503K, committed 3648K, reserved 1048576K
}
Event: 3.757 GC heap after
{Heap after GC invocations=13 (full 0):
 garbage-first heap   total 43008K, used 19498K [0x00000000e0000000, 0x0000000100000000)
  region size 1024K, 2 young (2048K), 2 survivors (2048K)
 Metaspace       used 27272K, committed 27520K, reserved 1114112K
  class space    used 3503K, committed 3648K, reserved 1048576K
}
Event: 4.325 GC heap before
{Heap before GC invocations=13 (full 0):
 garbage-first heap   total 43008K, used 30762K [0x00000000e0000000, 0x0000000100000000)
  region size 1024K, 13 young (13312K), 2 survivors (2048K)
 Metaspace       used 30307K, committed 30592K, reserved 1114112K
  class space    used 3811K, committed 3968K, reserved 1048576K
}
Event: 4.329 GC heap after
{Heap after GC invocations=14 (full 0):
 garbage-first heap   total 43008K, used 19962K [0x00000000e0000000, 0x0000000100000000)
  region size 1024K, 2 young (2048K), 2 survivors (2048K)
 Metaspace       used 30307K, committed 30592K, reserved 1114112K
  class space    used 3811K, committed 3968K, reserved 1048576K
}
Event: 4.898 GC heap before
{Heap before GC invocations=15 (full 0):
 garbage-first heap   total 43008K, used 29178K [0x00000000e0000000, 0x0000000100000000)
  region size 1024K, 12 young (12288K), 2 survivors (2048K)
 Metaspace       used 32651K, committed 32896K, reserved 1114112K
  class space    used 4117K, committed 4224K, reserved 1048576K
}
Event: 4.903 GC heap after
{Heap after GC invocations=16 (full 0):
 garbage-first heap   total 43008K, used 21088K [0x00000000e0000000, 0x0000000100000000)
  region size 1024K, 2 young (2048K), 2 survivors (2048K)
 Metaspace       used 32651K, committed 32896K, reserved 1114112K
  class space    used 4117K, committed 4224K, reserved 1048576K
}
Event: 5.134 GC heap before
{Heap before GC invocations=16 (full 0):
 garbage-first heap   total 43008K, used 26208K [0x00000000e0000000, 0x0000000100000000)
  region size 1024K, 8 young (8192K), 2 survivors (2048K)
 Metaspace       used 33680K, committed 33984K, reserved 1114112K
  class space    used 4234K, committed 4352K, reserved 1048576K
}
Event: 5.139 GC heap after
{Heap after GC invocations=17 (full 0):
 garbage-first heap   total 43008K, used 21640K [0x00000000e0000000, 0x0000000100000000)
  region size 1024K, 1 young (1024K), 1 survivors (1024K)
 Metaspace       used 33680K, committed 33984K, reserved 1114112K
  class space    used 4234K, committed 4352K, reserved 1048576K
}
Event: 5.617 GC heap before
{Heap before GC invocations=18 (full 0):
 garbage-first heap   total 46080K, used 32904K [0x00000000e0000000, 0x0000000100000000)
  region size 1024K, 11 young (11264K), 1 survivors (1024K)
 Metaspace       used 34953K, committed 35200K, reserved 1114112K
  class space    used 4368K, committed 4480K, reserved 1048576K
}
Event: 5.622 GC heap after
{Heap after GC invocations=19 (full 0):
 garbage-first heap   total 46080K, used 25740K [0x00000000e0000000, 0x0000000100000000)
  region size 1024K, 2 young (2048K), 2 survivors (2048K)
 Metaspace       used 34953K, committed 35200K, reserved 1114112K
  class space    used 4368K, committed 4480K, reserved 1048576K
}
Event: 5.802 GC heap before
{Heap before GC invocations=20 (full 0):
 garbage-first heap   total 53248K, used 33932K [0x00000000e0000000, 0x0000000100000000)
  region size 1024K, 10 young (10240K), 2 survivors (2048K)
 Metaspace       used 35039K, committed 35264K, reserved 1114112K
  class space    used 4368K, committed 4480K, reserved 1048576K
}
Event: 5.811 GC heap after
{Heap after GC invocations=21 (full 0):
 garbage-first heap   total 53248K, used 28041K [0x00000000e0000000, 0x0000000100000000)
  region size 1024K, 2 young (2048K), 2 survivors (2048K)
 Metaspace       used 35039K, committed 35264K, reserved 1114112K
  class space    used 4368K, committed 4480K, reserved 1048576K
}
Event: 5.903 GC heap before
{Heap before GC invocations=21 (full 0):
 garbage-first heap   total 53248K, used 39305K [0x00000000e0000000, 0x0000000100000000)
  region size 1024K, 13 young (13312K), 2 survivors (2048K)
 Metaspace       used 35085K, committed 35328K, reserved 1114112K
  class space    used 4368K, committed 4480K, reserved 1048576K
}
Event: 5.906 GC heap after
{Heap after GC invocations=22 (full 0):
 garbage-first heap   total 53248K, used 27441K [0x00000000e0000000, 0x0000000100000000)
  region size 1024K, 1 young (1024K), 1 survivors (1024K)
 Metaspace       used 35085K, committed 35328K, reserved 1114112K
  class space    used 4368K, committed 4480K, reserved 1048576K
}
Event: 6.044 GC heap before
{Heap before GC invocations=23 (full 0):
 garbage-first heap   total 53248K, used 39729K [0x00000000e0000000, 0x0000000100000000)
  region size 1024K, 13 young (13312K), 1 survivors (1024K)
 Metaspace       used 35212K, committed 35392K, reserved 1114112K
  class space    used 4376K, committed 4480K, reserved 1048576K
}
Event: 6.047 GC heap after
{Heap after GC invocations=24 (full 0):
 garbage-first heap   total 53248K, used 27635K [0x00000000e0000000, 0x0000000100000000)
  region size 1024K, 2 young (2048K), 2 survivors (2048K)
 Metaspace       used 35212K, committed 35392K, reserved 1114112K
  class space    used 4376K, committed 4480K, reserved 1048576K
}
Event: 6.611 GC heap before
{Heap before GC invocations=24 (full 0):
 garbage-first heap   total 53248K, used 39923K [0x00000000e0000000, 0x0000000100000000)
  region size 1024K, 14 young (14336K), 2 survivors (2048K)
 Metaspace       used 36588K, committed 36800K, reserved 1114112K
  class space    used 4518K, committed 4608K, reserved 1048576K
}

Dll operation events (7 events):
Event: 0.004 Loaded shared library /usr/lib/jvm/java-17-openjdk-amd64/lib/libjava.so
Event: 0.026 Loaded shared library /usr/lib/jvm/java-17-openjdk-amd64/lib/libjsvml.so
Event: 0.056 Loaded shared library /usr/lib/jvm/java-17-openjdk-amd64/lib/libnio.so
Event: 0.111 Loaded shared library /usr/lib/jvm/java-17-openjdk-amd64/lib/libzip.so
Event: 0.142 Loaded shared library /usr/lib/jvm/java-17-openjdk-amd64/lib/libjimage.so
Event: 0.222 Loaded shared library /usr/lib/jvm/java-17-openjdk-amd64/lib/libverify.so
Event: 0.264 Loaded shared library /tmp/libjansi-1.9.24-release-822-10261498715695583559.so

Deoptimization events (20 events):
Event: 6.425 Thread 0x00007f0c100186f0 Uncommon trap: trap_request=0xffffffde fr.pc=0x00007f0c010bf870 relative=0x00000000000002b0
Event: 6.425 Thread 0x00007f0c100186f0 Uncommon trap: reason=class_check action=maybe_recompile pc=0x00007f0c010bf870 method=org.jetbrains.kotlin.com.intellij.psi.impl.source.tree.SharedImplUtil.findFileElement(Lorg/jetbrains/kotlin/com/intellij/lang/ASTNode;)Lorg/jetbrains/kotlin/com/intellij
Event: 6.425 Thread 0x00007f0c100186f0 DEOPT PACKING pc=0x00007f0c010bf870 sp=0x00007f0c17ef8380
Event: 6.425 Thread 0x00007f0c100186f0 DEOPT UNPACKING pc=0x00007f0c00aa2b19 sp=0x00007f0c17ef8268 mode 2
Event: 6.435 Thread 0x00007f0c100186f0 Uncommon trap: trap_request=0xffffffc6 fr.pc=0x00007f0c010dfc40 relative=0x0000000000001880
Event: 6.435 Thread 0x00007f0c100186f0 Uncommon trap: reason=bimorphic_or_optimized_type_check action=maybe_recompile pc=0x00007f0c010dfc40 method=java.util.HashMap.putVal(ILjava/lang/Object;Ljava/lang/Object;ZZ)Ljava/lang/Object; @ 203 c2
Event: 6.435 Thread 0x00007f0c100186f0 DEOPT PACKING pc=0x00007f0c010dfc40 sp=0x00007f0c17ef6f40
Event: 6.435 Thread 0x00007f0c100186f0 DEOPT UNPACKING pc=0x00007f0c00aa2b19 sp=0x00007f0c17ef6ee0 mode 2
Event: 6.436 Thread 0x00007f0c100186f0 Uncommon trap: trap_request=0xffffffc6 fr.pc=0x00007f0c010dfc40 relative=0x0000000000001880
Event: 6.436 Thread 0x00007f0c100186f0 Uncommon trap: reason=bimorphic_or_optimized_type_check action=maybe_recompile pc=0x00007f0c010dfc40 method=java.util.HashMap.putVal(ILjava/lang/Object;Ljava/lang/Object;ZZ)Ljava/lang/Object; @ 203 c2
Event: 6.436 Thread 0x00007f0c100186f0 DEOPT PACKING pc=0x00007f0c010dfc40 sp=0x00007f0c17ef6f40
Event: 6.436 Thread 0x00007f0c100186f0 DEOPT UNPACKING pc=0x00007f0c00aa2b19 sp=0x00007f0c17ef6ee0 mode 2
Event: 6.436 Thread 0x00007f0c100186f0 Uncommon trap: trap_request=0xffffffc6 fr.pc=0x00007f0c010dfc40 relative=0x0000000000001880
Event: 6.436 Thread 0x00007f0c100186f0 Uncommon trap: reason=bimorphic_or_optimized_type_check action=maybe_recompile pc=0x00007f0c010dfc40 method=java.util.HashMap.putVal(ILjava/lang/Object;Ljava/lang/Object;ZZ)Ljava/lang/Object; @ 203 c2
Event: 6.436 Thread 0x00007f0c100186f0 DEOPT PACKING pc=0x00007f0c010dfc40 sp=0x00007f0c17ef6f40
Event: 6.436 Thread 0x00007f0c100186f0 DEOPT UNPACKING pc=0x00007f0c00aa2b19 sp=0x00007f0c17ef6ee0 mode 2
Event: 6.436 Thread 0x00007f0c100186f0 Uncommon trap: trap_request=0xffffffc6 fr.pc=0x00007f0c010dfc40 relative=0x0000000000001880
Event: 6.436 Thread 0x00007f0c100186f0 Uncommon trap: reason=bimorphic_or_optimized_type_check action=maybe_recompile pc=0x00007f0c010dfc40 method=java.util.HashMap.putVal(ILjava/lang/Object;Ljava/lang/Object;ZZ)Ljava/lang/Object; @ 203 c2
Event: 6.436 Thread 0x00007f0c100186f0 DEOPT PACKING pc=0x00007f0c010dfc40 sp=0x00007f0c17ef6f40
Event: 6.436 Thread 0x00007f0c100186f0 DEOPT UNPACKING pc=0x00007f0c00aa2b19 sp=0x00007f0c17ef6ee0 mode 2

Classes loaded (20 events):
Event: 4.609 Loading class java/util/AbstractList$SubList$1
Event: 4.610 Loading class java/util/AbstractList$SubList$1 done
Event: 4.610 Loading class java/util/AbstractList$ListItr
Event: 4.610 Loading class java/util/AbstractList$ListItr done
Event: 4.742 Loading class java/util/ArrayList$SubList$1
Event: 4.742 Loading class java/util/ArrayList$SubList$1 done
Event: 4.927 Loading class java/security/AccessControlException
Event: 4.927 Loading class java/security/AccessControlException done
Event: 4.936 Loading class java/lang/annotation/ElementType
Event: 4.936 Loading class java/lang/annotation/ElementType done
Event: 4.936 Loading class java/lang/Override
Event: 4.936 Loading class java/lang/Override done
Event: 5.048 Loading class java/util/stream/IntPipeline$1
Event: 5.048 Loading class java/util/stream/IntPipeline$1 done
Event: 5.050 Loading class java/util/stream/IntPipeline$1$1
Event: 5.095 Loading class java/util/stream/IntPipeline$1$1 done
Event: 5.205 Loading class java/text/StringCharacterIterator
Event: 5.205 Loading class java/text/CharacterIterator
Event: 5.205 Loading class java/text/CharacterIterator done
Event: 5.205 Loading class java/text/StringCharacterIterator done

Classes unloaded (0 events):
No events

Classes redefined (0 events):
No events

Internal exceptions (20 events):
Event: 1.097 Thread 0x00007f0c100186f0 Exception <a 'java/lang/NoSuchMethodError'{0x00000000e1a03480}: 'int java.lang.invoke.DelegatingMethodHandle$Holder.reinvoke_L(java.lang.Object, java.lang.Object, java.lang.Object, long, int, int)'> (0x00000000e1a03480) 
thrown [./src/hotspot/share/interpreter/linkResolver.cpp, line 758]
Event: 1.098 Thread 0x00007f0c100186f0 Exception <a 'java/lang/NoSuchMethodError'{0x00000000e1a11db8}: 'int java.lang.invoke.DelegatingMethodHandle$Holder.reinvoke_L(java.lang.Object, java.lang.Object, java.lang.Object, long, long, long)'> (0x00000000e1a11db8) 
thrown [./src/hotspot/share/interpreter/linkResolver.cpp, line 758]
Event: 1.099 Thread 0x00007f0c100186f0 Exception <a 'java/lang/NoSuchMethodError'{0x00000000e1a203d0}: 'int java.lang.invoke.DelegatingMethodHandle$Holder.reinvoke_L(java.lang.Object, java.lang.Object, java.lang.Object, long, int)'> (0x00000000e1a203d0) 
thrown [./src/hotspot/share/interpreter/linkResolver.cpp, line 758]
Event: 1.118 Thread 0x00007f0c100186f0 Exception <a 'java/lang/NoSuchMethodError'{0x00000000e1ac94f0}: 'int java.lang.invoke.DirectMethodHandle$Holder.invokeStaticInit(java.lang.Object, java.lang.Object, java.lang.Object)'> (0x00000000e1ac94f0) 
thrown [./src/hotspot/share/interpreter/linkResolver.cpp, line 758]
Event: 1.123 Thread 0x00007f0c100186f0 Exception <a 'java/lang/NoSuchMethodError'{0x00000000e1af2310}: 'int java.lang.invoke.DirectMethodHandle$Holder.invokeStaticInit(java.lang.Object, java.lang.Object)'> (0x00000000e1af2310) 
thrown [./src/hotspot/share/interpreter/linkResolver.cpp, line 758]
Event: 1.148 Thread 0x00007f0c100186f0 Exception <a 'java/lang/NoSuchMethodError'{0x00000000e19d0f20}: 'void java.lang.invoke.DirectMethodHandle$Holder.invokeSpecial(java.lang.Object, java.lang.Object, java.lang.Object)'> (0x00000000e19d0f20) 
thrown [./src/hotspot/share/interpreter/linkResolver.cpp, line 758]
Event: 1.241 Thread 0x00007f0c100186f0 Exception <a 'java/lang/NoSuchMethodError'{0x00000000e16ee998}: 'void java.lang.invoke.DirectMethodHandle$Holder.invokeStatic(java.lang.Object, java.lang.Object, java.lang.Object, java.lang.Object)'> (0x00000000e16ee998) 
thrown [./src/hotspot/share/interpreter/linkResolver.cpp, line 758]
Event: 1.319 Thread 0x00007f0c100186f0 Exception <a 'java/lang/NoSuchMethodError'{0x00000000e10b21e8}: 'void java.lang.invoke.DirectMethodHandle$Holder.invokeStaticInit(java.lang.Object, java.lang.Object)'> (0x00000000e10b21e8) 
thrown [./src/hotspot/share/interpreter/linkResolver.cpp, line 758]
Event: 1.453 Thread 0x00007f0c100186f0 Exception <a 'java/lang/NoSuchMethodError'{0x00000000e1be6340}: 'void java.lang.invoke.DirectMethodHandle$Holder.invokeVirtual(java.lang.Object, java.lang.Object)'> (0x00000000e1be6340) 
thrown [./src/hotspot/share/interpreter/linkResolver.cpp, line 758]
Event: 1.460 Thread 0x00007f0c100186f0 Exception <a 'java/lang/NoSuchMethodError'{0x00000000e1a32170}: 'int java.lang.invoke.DirectMethodHandle$Holder.invokeVirtual(java.lang.Object, java.lang.Object)'> (0x00000000e1a32170) 
thrown [./src/hotspot/share/interpreter/linkResolver.cpp, line 758]
Event: 1.476 Thread 0x00007f0c100186f0 Exception <a 'java/lang/NoSuchMethodError'{0x00000000e1aec3f0}: 'java.lang.Object java.lang.invoke.Invokers$Holder.invokeExact_MT(java.lang.Object, java.lang.Object, java.lang.Object, java.lang.Object, java.lang.Object, java.lang.Object)'> (0x00000000e1aec3f0) 
thrown [./src/hotspot/share/interpreter/linkResolver.cpp, line 758]
Event: 2.331 Thread 0x00007f0c100186f0 Implicit null exception at 0x00007f0c00ffa6d3 to 0x00007f0c00ffad34
Event: 2.545 Thread 0x00007f0c100186f0 Implicit null exception at 0x00007f0c010012d4 to 0x00007f0c0100199c
Event: 2.708 Thread 0x00007f0c100186f0 Exception <a 'java/lang/NoSuchMethodError'{0x00000000e1833700}: 'java.lang.Object java.lang.invoke.DirectMethodHandle$Holder.invokeVirtual(java.lang.Object, java.lang.Object, java.lang.Object)'> (0x00000000e1833700) 
thrown [./src/hotspot/share/interpreter/linkResolver.cpp, line 758]
Event: 4.027 Thread 0x00007f0c100186f0 Exception <a 'java/lang/NoSuchMethodError'{0x00000000e20d1bd0}: 'java.lang.Object java.lang.invoke.DirectMethodHandle$Holder.newInvokeSpecial(java.lang.Object, java.lang.Object, int)'> (0x00000000e20d1bd0) 
thrown [./src/hotspot/share/interpreter/linkResolver.cpp, line 758]
Event: 4.124 Thread 0x00007f0c100186f0 Implicit null exception at 0x00007f0c010a4406 to 0x00007f0c010a45e0
Event: 4.136 Thread 0x00007f0c100186f0 Implicit null exception at 0x00007f0c010a4bd0 to 0x00007f0c010a4cec
Event: 4.496 Thread 0x00007f0c100186f0 Exception <a 'java/lang/NoSuchMethodError'{0x00000000e26c5550}: 'java.lang.Object java.lang.invoke.DirectMethodHandle$Holder.newInvokeSpecial(java.lang.Object, java.lang.Object, java.lang.Object, int)'> (0x00000000e26c5550) 
thrown [./src/hotspot/share/interpreter/linkResolver.cpp, line 758]
Event: 4.497 Thread 0x00007f0c100186f0 Exception <a 'java/lang/NoSuchMethodError'{0x00000000e26c9bd8}: 'java.lang.Object java.lang.invoke.DirectMethodHandle$Holder.invokeSpecial(java.lang.Object, java.lang.Object, java.lang.Object, java.lang.Object, int)'> (0x00000000e26c9bd8) 
thrown [./src/hotspot/share/interpreter/linkResolver.cpp, line 758]
Event: 4.497 Thread 0x00007f0c100186f0 Exception <a 'java/lang/NoSuchMethodError'{0x00000000e26cda48}: 'java.lang.Object java.lang.invoke.Invokers$Holder.linkToTargetMethod(java.lang.Object, java.lang.Object, int, java.lang.Object)'> (0x00000000e26cda48) 
thrown [./src/hotspot/share/interpreter/linkResolver.cpp, line 758]

VM Operations (20 events):
Event: 5.698 Executing VM operation: G1PauseRemark done
Event: 5.714 Executing VM operation: G1PauseCleanup
Event: 5.714 Executing VM operation: G1PauseCleanup done
Event: 5.801 Executing VM operation: G1CollectForAllocation
Event: 5.811 Executing VM operation: G1CollectForAllocation done
Event: 5.903 Executing VM operation: G1CollectForAllocation
Event: 5.906 Executing VM operation: G1CollectForAllocation done
Event: 5.938 Executing VM operation: G1PauseRemark
Event: 5.941 Executing VM operation: G1PauseRemark done
Event: 6.005 Executing VM operation: G1PauseCleanup
Event: 6.005 Executing VM operation: G1PauseCleanup done
Event: 6.044 Executing VM operation: G1CollectForAllocation
Event: 6.047 Executing VM operation: G1CollectForAllocation done
Event: 6.110 Executing VM operation: HandshakeAllThreads
Event: 6.110 Executing VM operation: HandshakeAllThreads done
Event: 6.112 Executing VM operation: HandshakeAllThreads
Event: 6.112 Executing VM operation: HandshakeAllThreads done
Event: 6.597 Executing VM operation: ICBufferFull
Event: 6.598 Executing VM operation: ICBufferFull done
Event: 6.611 Executing VM operation: G1CollectForAllocation

Memory protections (11 events):
Event: 0.004 Protecting memory [0x00007f0c17dfc000,0x00007f0c17e00000] with protection modes 0
Event: 0.028 Protecting memory [0x00007f0bf8f61000,0x00007f0bf8f65000] with protection modes 0
Event: 0.034 Protecting memory [0x00007f0bf9062000,0x00007f0bf9066000] with protection modes 0
Event: 0.041 Protecting memory [0x00007f0bf8d08000,0x00007f0bf8d0c000] with protection modes 0
Event: 0.041 Protecting memory [0x00007f0bf8c07000,0x00007f0bf8c0b000] with protection modes 0
Event: 0.041 Protecting memory [0x00007f0bf8b06000,0x00007f0bf8b0a000] with protection modes 0
Event: 0.044 Protecting memory [0x00007f0bf8a05000,0x00007f0bf8a09000] with protection modes 0
Event: 0.044 Protecting memory [0x00007f0bf8e09000,0x00007f0bf8e0d000] with protection modes 0
Event: 0.048 Protecting memory [0x00007f0bf8904000,0x00007f0bf8908000] with protection modes 0
Event: 0.053 Protecting memory [0x00007f0bf8803000,0x00007f0bf8807000] with protection modes 0
Event: 0.055 Protecting memory [0x00007f0bf8601000,0x00007f0bf8605000] with protection modes 0

Nmethod flushes (0 events):
No events

Events (11 events):
Event: 0.026 Thread 0x00007f0c100186f0 Thread added: 0x00007f0c100186f0
Event: 0.028 Thread 0x00007f0c100186f0 Thread added: 0x00007f0c10095630
Event: 0.028 Thread 0x00007f0c100186f0 Thread added: 0x00007f0c10096a10
Event: 0.040 Thread 0x00007f0c100186f0 Thread added: 0x00007f0c1009d620
Event: 0.041 Thread 0x00007f0c100186f0 Thread added: 0x00007f0c1009e9d0
Event: 0.041 Thread 0x00007f0c100186f0 Thread added: 0x00007f0c1009fde0
Event: 0.041 Thread 0x00007f0c100186f0 Thread added: 0x00007f0c100a1790
Event: 0.043 Thread 0x00007f0c100186f0 Thread added: 0x00007f0c100a2cc0
Event: 0.046 Thread 0x00007f0c100186f0 Thread added: 0x00007f0c100a4130
Event: 0.053 Thread 0x00007f0c100186f0 Thread added: 0x00007f0c100abfc0
Event: 0.055 Thread 0x00007f0c100186f0 Thread added: 0x00007f0c100aeff0


Dynamic libraries:
e0000000-e3200000 rw-p 00000000 00:00 0 
e6600000-ffe00000 ---p 00000000 00:00 0 
ffe00000-ffe75000 rw-p 00c7a000 00:25 13853                              /usr/lib/jvm/java-17-openjdk-amd64/lib/server/classes.jsa
ffe75000-fff00000 rw-p 00000000 00:00 0 
fff00000-fff78000 rw-p 00c02000 00:25 13853                              /usr/lib/jvm/java-17-openjdk-amd64/lib/server/classes.jsa
fff78000-100000000 rw-p 00000000 00:00 0 
55f29c104000-55f29c105000 r--p 00000000 00:25 13495                      /usr/lib/jvm/java-17-openjdk-amd64/bin/java
55f29c105000-55f29c106000 r-xp 00001000 00:25 13495                      /usr/lib/jvm/java-17-openjdk-amd64/bin/java
55f29c106000-55f29c107000 r--p 00002000 00:25 13495                      /usr/lib/jvm/java-17-openjdk-amd64/bin/java
55f29c107000-55f29c108000 r--p 00002000 00:25 13495                      /usr/lib/jvm/java-17-openjdk-amd64/bin/java
55f29c108000-55f29c109000 rw-p 00003000 00:25 13495                      /usr/lib/jvm/java-17-openjdk-amd64/bin/java
55f29e039000-55f29e080000 rw-p 00000000 00:00 0                          [heap]
7f0b78000000-7f0b7889b000 rw-p 00000000 00:00 0 
7f0b7889b000-7f0b7c000000 ---p 00000000 00:00 0 
7f0b7c000000-7f0b7c021000 rw-p 00000000 00:00 0 
7f0b7c021000-7f0b80000000 ---p 00000000 00:00 0 
7f0b80000000-7f0b80021000 rw-p 00000000 00:00 0 
7f0b80021000-7f0b84000000 ---p 00000000 00:00 0 
7f0b84000000-7f0b850b7000 rw-p 00000000 00:00 0 
7f0b850b7000-7f0b88000000 ---p 00000000 00:00 0 
7f0b88000000-7f0b88021000 rw-p 00000000 00:00 0 
7f0b88021000-7f0b8c000000 ---p 00000000 00:00 0 
7f0b8c000000-7f0b8c021000 rw-p 00000000 00:00 0 
7f0b8c021000-7f0b90000000 ---p 00000000 00:00 0 
7f0b90000000-7f0b90021000 rw-p 00000000 00:00 0 
7f0b90021000-7f0b94000000 ---p 00000000 00:00 0 
7f0b94000000-7f0b94021000 rw-p 00000000 00:00 0 
7f0b94021000-7f0b98000000 ---p 00000000 00:00 0 
7f0b98000000-7f0b9816e000 rw-p 00000000 00:00 0 
7f0b9816e000-7f0b9c000000 ---p 00000000 00:00 0 
7f0b9ed72000-7f0b9f2f0000 rw-p 00000000 00:00 0 
7f0b9f2f0000-7f0b9f400000 ---p 00000000 00:00 0 
7f0b9f400000-7f0ba1080000 rw-p 00000000 00:00 0 
7f0ba1080000-7f0ba3000000 ---p 00000000 00:00 0 
7f0ba3000000-7f0ba3455000 rw-p 00001000 00:25 13853                      /usr/lib/jvm/java-17-openjdk-amd64/lib/server/classes.jsa
7f0ba3455000-7f0ba3bca000 rw-p 00456000 00:25 13853                      /usr/lib/jvm/java-17-openjdk-amd64/lib/server/classes.jsa
7f0ba3bca000-7f0ba4000000 ---p 00000000 00:00 0 
7f0ba4000000-7f0ba4040000 rw-p 00000000 00:00 0 
7f0ba4040000-7f0ba4080000 rw-p 00000000 00:00 0 
7f0ba4080000-7f0ba4340000 rw-p 00000000 00:00 0 
7f0ba4340000-7f0ba4350000 rw-p 00000000 00:00 0 
7f0ba4350000-7f0ba4380000 ---p 00000000 00:00 0 
7f0ba4380000-7f0ba44b0000 rw-p 00000000 00:00 0 
7f0ba44b0000-7f0be4000000 ---p 00000000 00:00 0 
7f0be4000000-7f0be4021000 rw-p 00000000 00:00 0 
7f0be4021000-7f0be8000000 ---p 00000000 00:00 0 
7f0be8000000-7f0be8021000 rw-p 00000000 00:00 0 
7f0be8021000-7f0bec000000 ---p 00000000 00:00 0 
7f0bec000000-7f0bec021000 rw-p 00000000 00:00 0 
7f0bec021000-7f0bf0000000 ---p 00000000 00:00 0 
7f0bf0000000-7f0bf0021000 rw-p 00000000 00:00 0 
7f0bf0021000-7f0bf4000000 ---p 00000000 00:00 0 
7f0bf4000000-7f0bf403f000 rw-p 00000000 00:00 0 
7f0bf403f000-7f0bf8000000 ---p 00000000 00:00 0 
7f0bf80ff000-7f0bf8100000 ---p 00000000 00:00 0 
7f0bf8100000-7f0bf8200000 rw-p 00000000 00:00 0 
7f0bf8200000-7f0bf8203000 r-xp 00000000 fe:00 138801                     /tmp/libjansi-1.9.24-release-822-10261498715695583559.so
7f0bf8203000-7f0bf8402000 ---p 00003000 fe:00 138801                     /tmp/libjansi-1.9.24-release-822-10261498715695583559.so
7f0bf8402000-7f0bf8403000 rw-p 00002000 fe:00 138801                     /tmp/libjansi-1.9.24-release-822-10261498715695583559.so
7f0bf84ef000-7f0bf84f0000 ---p 00000000 00:00 0 
7f0bf84f0000-7f0bf85f0000 rw-p 00000000 00:00 0 
7f0bf85f0000-7f0bf85f4000 r--p 00000000 00:25 13842                      /usr/lib/jvm/java-17-openjdk-amd64/lib/libverify.so
7f0bf85f4000-7f0bf85fb000 r-xp 00004000 00:25 13842                      /usr/lib/jvm/java-17-openjdk-amd64/lib/libverify.so
7f0bf85fb000-7f0bf85fd000 r--p 0000b000 00:25 13842                      /usr/lib/jvm/java-17-openjdk-amd64/lib/libverify.so
7f0bf85fd000-7f0bf85ff000 r--p 0000c000 00:25 13842                      /usr/lib/jvm/java-17-openjdk-amd64/lib/libverify.so
7f0bf85ff000-7f0bf8600000 rw-p 0000e000 00:25 13842                      /usr/lib/jvm/java-17-openjdk-amd64/lib/libverify.so
7f0bf8600000-7f0bf8601000 ---p 00000000 00:00 0 
7f0bf8601000-7f0bf8605000 ---p 00000000 00:00 0 
7f0bf8605000-7f0bf8701000 rw-p 00000000 00:00 0 
7f0bf8701000-7f0bf8702000 ---p 00000000 00:00 0 
7f0bf8702000-7f0bf8802000 rw-p 00000000 00:00 0 
7f0bf8802000-7f0bf8803000 ---p 00000000 00:00 0 
7f0bf8803000-7f0bf8807000 ---p 00000000 00:00 0 
7f0bf8807000-7f0bf8903000 rw-p 00000000 00:00 0 
7f0bf8903000-7f0bf8904000 ---p 00000000 00:00 0 
7f0bf8904000-7f0bf8908000 ---p 00000000 00:00 0 
7f0bf8908000-7f0bf8a04000 rw-p 00000000 00:00 0 
7f0bf8a04000-7f0bf8a05000 ---p 00000000 00:00 0 
7f0bf8a05000-7f0bf8a09000 ---p 00000000 00:00 0 
7f0bf8a09000-7f0bf8b05000 rw-p 00000000 00:00 0 
7f0bf8b05000-7f0bf8b06000 ---p 00000000 00:00 0 
7f0bf8b06000-7f0bf8b0a000 ---p 00000000 00:00 0 
7f0bf8b0a000-7f0bf8c06000 rw-p 00000000 00:00 0 
7f0bf8c06000-7f0bf8c07000 ---p 00000000 00:00 0 
7f0bf8c07000-7f0bf8c0b000 ---p 00000000 00:00 0 
7f0bf8c0b000-7f0bf8d07000 rw-p 00000000 00:00 0 
7f0bf8d07000-7f0bf8d08000 ---p 00000000 00:00 0 
7f0bf8d08000-7f0bf8d0c000 ---p 00000000 00:00 0 
7f0bf8d0c000-7f0bf8e08000 rw-p 00000000 00:00 0 
7f0bf8e08000-7f0bf8e09000 ---p 00000000 00:00 0 
7f0bf8e09000-7f0bf8e0d000 ---p 00000000 00:00 0 
7f0bf8e0d000-7f0bf8f09000 rw-p 00000000 00:00 0 
7f0bf8f09000-7f0bf8f60000 r--p 00000000 00:25 13893                      /usr/lib/locale/C.utf8/LC_CTYPE
7f0bf8f60000-7f0bf8f61000 ---p 00000000 00:00 0 
7f0bf8f61000-7f0bf8f65000 ---p 00000000 00:00 0 
7f0bf8f65000-7f0bf9061000 rw-p 00000000 00:00 0 
7f0bf9061000-7f0bf9062000 ---p 00000000 00:00 0 
7f0bf9062000-7f0bf9066000 ---p 00000000 00:00 0 
7f0bf9066000-7f0bf9162000 rw-p 00000000 00:00 0 
7f0bf9162000-7f0bf9163000 ---p 00000000 00:00 0 
7f0bf9163000-7f0bf9263000 rw-p 00000000 00:00 0 
7f0bf9263000-7f0bf9268000 r--p 00000000 00:25 13828                      /usr/lib/jvm/java-17-openjdk-amd64/lib/libjsvml.so
7f0bf9268000-7f0bf92a9000 r-xp 00005000 00:25 13828                      /usr/lib/jvm/java-17-openjdk-amd64/lib/libjsvml.so
7f0bf92a9000-7f0bf9332000 r--p 00046000 00:25 13828                      /usr/lib/jvm/java-17-openjdk-amd64/lib/libjsvml.so
7f0bf9332000-7f0bf9333000 r--p 000ce000 00:25 13828                      /usr/lib/jvm/java-17-openjdk-amd64/lib/libjsvml.so
7f0bf9333000-7f0bf9334000 rw-p 000cf000 00:25 13828                      /usr/lib/jvm/java-17-openjdk-amd64/lib/libjsvml.so
7f0bf9334000-7f0bf9410000 rw-p 00000000 00:00 0 
7f0bf9410000-7f0bf9411000 ---p 00000000 00:00 0 
7f0bf9411000-7f0bf9511000 rw-p 00000000 00:00 0 
7f0bf9511000-7f0bf9bf1000 rwxp 00000000 00:00 0 
7f0bf9bf1000-7f0c00a49000 ---p 00000000 00:00 0 
7f0c00a49000-7f0c00cb9000 rwxp 00000000 00:00 0 
7f0c00cb9000-7f0c00fd8000 ---p 00000000 00:00 0 
7f0c00fd8000-7f0c01248000 rwxp 00000000 00:00 0 
7f0c01248000-7f0c08511000 ---p 00000000 00:00 0 
7f0c08511000-7f0c10000000 r--s 00000000 00:25 13844                      /usr/lib/jvm/java-17-openjdk-amd64/lib/modules
7f0c10000000-7f0c11265000 rw-p 00000000 00:00 0 
7f0c11265000-7f0c14000000 ---p 00000000 00:00 0 
7f0c14004000-7f0c14005000 r--p 00000000 00:25 18271                      /usr/lib/x86_64-linux-gnu/libutil.so.1
7f0c14005000-7f0c14006000 r-xp 00001000 00:25 18271                      /usr/lib/x86_64-linux-gnu/libutil.so.1
7f0c14006000-7f0c14007000 r--p 00002000 00:25 18271                      /usr/lib/x86_64-linux-gnu/libutil.so.1
7f0c14007000-7f0c14008000 r--p 00002000 00:25 18271                      /usr/lib/x86_64-linux-gnu/libutil.so.1
7f0c14008000-7f0c14009000 rw-p 00003000 00:25 18271                      /usr/lib/x86_64-linux-gnu/libutil.so.1
7f0c14009000-7f0c1403a000 rw-p 00000000 00:00 0 
7f0c1403a000-7f0c1403e000 r--p 00000000 00:25 13834                      /usr/lib/jvm/java-17-openjdk-amd64/lib/libnet.so
7f0c1403e000-7f0c1404c000 r-xp 00004000 00:25 13834                      /usr/lib/jvm/java-17-openjdk-amd64/lib/libnet.so
7f0c1404c000-7f0c14050000 r--p 00012000 00:25 13834                      /usr/lib/jvm/java-17-openjdk-amd64/lib/libnet.so
7f0c14050000-7f0c14051000 r--p 00015000 00:25 13834                      /usr/lib/jvm/java-17-openjdk-amd64/lib/libnet.so
7f0c14051000-7f0c14052000 rw-p 00016000 00:25 13834                      /usr/lib/jvm/java-17-openjdk-amd64/lib/libnet.so
7f0c14052000-7f0c14093000 rw-p 00000000 00:00 0 
7f0c1409c000-7f0c1409e000 r--p 00000000 00:25 13843                      /usr/lib/jvm/java-17-openjdk-amd64/lib/libzip.so
7f0c1409e000-7f0c140a2000 r-xp 00002000 00:25 13843                      /usr/lib/jvm/java-17-openjdk-amd64/lib/libzip.so
7f0c140a2000-7f0c140a4000 r--p 00006000 00:25 13843                      /usr/lib/jvm/java-17-openjdk-amd64/lib/libzip.so
7f0c140a4000-7f0c140a5000 r--p 00007000 00:25 13843                      /usr/lib/jvm/java-17-openjdk-amd64/lib/libzip.so
7f0c140a5000-7f0c140a6000 rw-p 00008000 00:25 13843                      /usr/lib/jvm/java-17-openjdk-amd64/lib/libzip.so
7f0c140a6000-7f0c140ad000 r--p 00000000 00:25 13835                      /usr/lib/jvm/java-17-openjdk-amd64/lib/libnio.so
7f0c140ad000-7f0c140b6000 r-xp 00007000 00:25 13835                      /usr/lib/jvm/java-17-openjdk-amd64/lib/libnio.so
7f0c140b6000-7f0c140ba000 r--p 00010000 00:25 13835                      /usr/lib/jvm/java-17-openjdk-amd64/lib/libnio.so
7f0c140ba000-7f0c140bb000 r--p 00014000 00:25 13835                      /usr/lib/jvm/java-17-openjdk-amd64/lib/libnio.so
7f0c140bb000-7f0c140bc000 rw-p 00015000 00:25 13835                      /usr/lib/jvm/java-17-openjdk-amd64/lib/libnio.so
7f0c140bc000-7f0c140bd000 r--p 00000000 00:25 13899                      /usr/lib/locale/C.utf8/LC_NUMERIC
7f0c140bd000-7f0c140be000 r--p 00000000 00:25 13902                      /usr/lib/locale/C.utf8/LC_TIME
7f0c140be000-7f0c140bf000 r--p 00000000 00:25 13892                      /usr/lib/locale/C.utf8/LC_COLLATE
7f0c140bf000-7f0c140c0000 r--p 00000000 00:25 13897                      /usr/lib/locale/C.utf8/LC_MONETARY
7f0c140c0000-7f0c140c1000 r--p 00000000 00:25 13896                      /usr/lib/locale/C.utf8/LC_MESSAGES/SYS_LC_MESSAGES
7f0c140c1000-7f0c140c2000 r--p 00000000 00:25 13900                      /usr/lib/locale/C.utf8/LC_PAPER
7f0c140c2000-7f0c140c3000 r--p 00000000 00:25 13898                      /usr/lib/locale/C.utf8/LC_NAME
7f0c140c3000-7f0c140ca000 r--s 00000000 00:25 17585                      /usr/lib/x86_64-linux-gnu/gconv/gconv-modules.cache
7f0c140ca000-7f0c140cb000 ---p 00000000 00:00 0 
7f0c140cb000-7f0c163cd000 rw-p 00000000 00:00 0 
7f0c163cd000-7f0c163ce000 ---p 00000000 00:00 0 
7f0c163ce000-7f0c164ce000 rw-p 00000000 00:00 0 
7f0c164ce000-7f0c164cf000 ---p 00000000 00:00 0 
7f0c164cf000-7f0c165cf000 rw-p 00000000 00:00 0 
7f0c165cf000-7f0c165d0000 ---p 00000000 00:00 0 
7f0c165d0000-7f0c167aa000 rw-p 00000000 00:00 0 
7f0c167aa000-7f0c16eda000 ---p 00000000 00:00 0 
7f0c16eda000-7f0c16faa000 rw-p 00000000 00:00 0 
7f0c16faa000-7f0c176da000 ---p 00000000 00:00 0 
7f0c176da000-7f0c176fb000 rw-p 00000000 00:00 0 
7f0c176fb000-7f0c177e1000 ---p 00000000 00:00 0 
7f0c177e1000-7f0c177fb000 rw-p 00000000 00:00 0 
7f0c177fb000-7f0c178e1000 ---p 00000000 00:00 0 
7f0c178e1000-7f0c178fb000 rw-p 00000000 00:00 0 
7f0c178fb000-7f0c179e1000 ---p 00000000 00:00 0 
7f0c179e1000-7f0c17be9000 rw-p 00000000 00:00 0 
7f0c17be9000-7f0c17ccf000 ---p 00000000 00:00 0 
7f0c17ccf000-7f0c17cdd000 rw-p 00000000 00:00 0 
7f0c17cdd000-7f0c17dba000 ---p 00000000 00:00 0 
7f0c17dba000-7f0c17dbf000 rw-p 00000000 00:00 0 
7f0c17dbf000-7f0c17dc6000 ---p 00000000 00:00 0 
7f0c17dc6000-7f0c17dd2000 r--p 00000000 00:25 13820                      /usr/lib/jvm/java-17-openjdk-amd64/lib/libjava.so
7f0c17dd2000-7f0c17de3000 r-xp 0000c000 00:25 13820                      /usr/lib/jvm/java-17-openjdk-amd64/lib/libjava.so
7f0c17de3000-7f0c17de9000 r--p 0001d000 00:25 13820                      /usr/lib/jvm/java-17-openjdk-amd64/lib/libjava.so
7f0c17de9000-7f0c17dea000 r--p 00022000 00:25 13820                      /usr/lib/jvm/java-17-openjdk-amd64/lib/libjava.so
7f0c17dea000-7f0c17deb000 rw-p 00023000 00:25 13820                      /usr/lib/jvm/java-17-openjdk-amd64/lib/libjava.so
7f0c17deb000-7f0c17dec000 rw-p 00000000 00:00 0 
7f0c17dec000-7f0c17df4000 rw-s 00000000 fe:00 138797                     /tmp/hsperfdata_root/8408
7f0c17df4000-7f0c17df6000 r--p 00000000 00:25 13824                      /usr/lib/jvm/java-17-openjdk-amd64/lib/libjimage.so
7f0c17df6000-7f0c17df9000 r-xp 00002000 00:25 13824                      /usr/lib/jvm/java-17-openjdk-amd64/lib/libjimage.so
7f0c17df9000-7f0c17dfa000 r--p 00005000 00:25 13824                      /usr/lib/jvm/java-17-openjdk-amd64/lib/libjimage.so
7f0c17dfa000-7f0c17dfb000 r--p 00006000 00:25 13824                      /usr/lib/jvm/java-17-openjdk-amd64/lib/libjimage.so
7f0c17dfb000-7f0c17dfc000 rw-p 00007000 00:25 13824                      /usr/lib/jvm/java-17-openjdk-amd64/lib/libjimage.so
7f0c17dfc000-7f0c17e00000 ---p 00000000 00:00 0 
7f0c17e00000-7f0c17efc000 rw-p 00000000 00:00 0 
7f0c17efc000-7f0c17eff000 r--p 00000000 00:25 17971                      /usr/lib/x86_64-linux-gnu/libgcc_s.so.1
7f0c17eff000-7f0c17f16000 r-xp 00003000 00:25 17971                      /usr/lib/x86_64-linux-gnu/libgcc_s.so.1
7f0c17f16000-7f0c17f1a000 r--p 0001a000 00:25 17971                      /usr/lib/x86_64-linux-gnu/libgcc_s.so.1
7f0c17f1a000-7f0c17f1b000 r--p 0001d000 00:25 17971                      /usr/lib/x86_64-linux-gnu/libgcc_s.so.1
7f0c17f1b000-7f0c17f1c000 rw-p 0001e000 00:25 17971                      /usr/lib/x86_64-linux-gnu/libgcc_s.so.1
7f0c17f1c000-7f0c17f2c000 r--p 00000000 00:25 18072                      /usr/lib/x86_64-linux-gnu/libm.so.6
7f0c17f2c000-7f0c17fa0000 r-xp 00010000 00:25 18072                      /usr/lib/x86_64-linux-gnu/libm.so.6
7f0c17fa0000-7f0c17ffa000 r--p 00084000 00:25 18072                      /usr/lib/x86_64-linux-gnu/libm.so.6
7f0c17ffa000-7f0c17ffb000 r--p 000dd000 00:25 18072                      /usr/lib/x86_64-linux-gnu/libm.so.6
7f0c17ffb000-7f0c17ffc000 rw-p 000de000 00:25 18072                      /usr/lib/x86_64-linux-gnu/libm.so.6
7f0c17ffc000-7f0c18095000 r--p 00000000 00:25 18239                      /usr/lib/x86_64-linux-gnu/libstdc++.so.6.0.30
7f0c18095000-7f0c18196000 r-xp 00099000 00:25 18239                      /usr/lib/x86_64-linux-gnu/libstdc++.so.6.0.30
7f0c18196000-7f0c18205000 r--p 0019a000 00:25 18239                      /usr/lib/x86_64-linux-gnu/libstdc++.so.6.0.30
7f0c18205000-7f0c18210000 r--p 00209000 00:25 18239                      /usr/lib/x86_64-linux-gnu/libstdc++.so.6.0.30
7f0c18210000-7f0c18213000 rw-p 00214000 00:25 18239                      /usr/lib/x86_64-linux-gnu/libstdc++.so.6.0.30
7f0c18213000-7f0c18216000 rw-p 00000000 00:00 0 
7f0c18216000-7f0c18467000 r--p 00000000 00:25 13856                      /usr/lib/jvm/java-17-openjdk-amd64/lib/server/libjvm.so
7f0c18467000-7f0c191b9000 r-xp 00251000 00:25 13856                      /usr/lib/jvm/java-17-openjdk-amd64/lib/server/libjvm.so
7f0c191b9000-7f0c1943b000 r--p 00fa3000 00:25 13856                      /usr/lib/jvm/java-17-openjdk-amd64/lib/server/libjvm.so
7f0c1943b000-7f0c194f3000 r--p 01225000 00:25 13856                      /usr/lib/jvm/java-17-openjdk-amd64/lib/server/libjvm.so
7f0c194f3000-7f0c19528000 rw-p 012dd000 00:25 13856                      /usr/lib/jvm/java-17-openjdk-amd64/lib/server/libjvm.so
7f0c19528000-7f0c19584000 rw-p 00000000 00:00 0 
7f0c19584000-7f0c195aa000 r--p 00000000 00:25 17860                      /usr/lib/x86_64-linux-gnu/libc.so.6
7f0c195aa000-7f0c19700000 r-xp 00026000 00:25 17860                      /usr/lib/x86_64-linux-gnu/libc.so.6
7f0c19700000-7f0c19753000 r--p 0017c000 00:25 17860                      /usr/lib/x86_64-linux-gnu/libc.so.6
7f0c19753000-7f0c19757000 r--p 001cf000 00:25 17860                      /usr/lib/x86_64-linux-gnu/libc.so.6
7f0c19757000-7f0c19759000 rw-p 001d3000 00:25 17860                      /usr/lib/x86_64-linux-gnu/libc.so.6
7f0c19759000-7f0c19766000 rw-p 00000000 00:00 0 
7f0c19766000-7f0c19768000 r--p 00000000 00:25 13825                      /usr/lib/jvm/java-17-openjdk-amd64/lib/libjli.so
7f0c19768000-7f0c19771000 r-xp 00002000 00:25 13825                      /usr/lib/jvm/java-17-openjdk-amd64/lib/libjli.so
7f0c19771000-7f0c19774000 r--p 0000b000 00:25 13825                      /usr/lib/jvm/java-17-openjdk-amd64/lib/libjli.so
7f0c19774000-7f0c19775000 r--p 0000d000 00:25 13825                      /usr/lib/jvm/java-17-openjdk-amd64/lib/libjli.so
7f0c19775000-7f0c19776000 rw-p 0000e000 00:25 13825                      /usr/lib/jvm/java-17-openjdk-amd64/lib/libjli.so
7f0c19776000-7f0c19779000 r--p 00000000 00:25 1006                       /usr/lib/x86_64-linux-gnu/libz.so.1.2.13
7f0c19779000-7f0c1978c000 r-xp 00003000 00:25 1006                       /usr/lib/x86_64-linux-gnu/libz.so.1.2.13
7f0c1978c000-7f0c19793000 r--p 00016000 00:25 1006                       /usr/lib/x86_64-linux-gnu/libz.so.1.2.13
7f0c19793000-7f0c19794000 r--p 0001c000 00:25 1006                       /usr/lib/x86_64-linux-gnu/libz.so.1.2.13
7f0c19794000-7f0c19795000 rw-p 0001d000 00:25 1006                       /usr/lib/x86_64-linux-gnu/libz.so.1.2.13
7f0c19795000-7f0c19796000 r--p 00000000 00:25 13891                      /usr/lib/locale/C.utf8/LC_ADDRESS
7f0c19796000-7f0c19797000 r--p 00000000 00:25 13901                      /usr/lib/locale/C.utf8/LC_TELEPHONE
7f0c19797000-7f0c19798000 r--p 00000000 00:25 13895                      /usr/lib/locale/C.utf8/LC_MEASUREMENT
7f0c19798000-7f0c19799000 r--p 00000000 00:25 13894                      /usr/lib/locale/C.utf8/LC_IDENTIFICATION
7f0c19799000-7f0c1979a000 ---p 00000000 00:00 0 
7f0c1979a000-7f0c1979b000 r--p 00000000 00:00 0 
7f0c1979b000-7f0c1979c000 ---p 00000000 00:00 0 
7f0c1979c000-7f0c1979e000 rw-p 00000000 00:00 0 
7f0c1979e000-7f0c1979f000 r--p 00000000 00:25 17646                      /usr/lib/x86_64-linux-gnu/ld-linux-x86-64.so.2
7f0c1979f000-7f0c197c5000 r-xp 00001000 00:25 17646                      /usr/lib/x86_64-linux-gnu/ld-linux-x86-64.so.2
7f0c197c5000-7f0c197cf000 r--p 00027000 00:25 17646                      /usr/lib/x86_64-linux-gnu/ld-linux-x86-64.so.2
7f0c197cf000-7f0c197d1000 r--p 00031000 00:25 17646                      /usr/lib/x86_64-linux-gnu/ld-linux-x86-64.so.2
7f0c197d1000-7f0c197d3000 rw-p 00033000 00:25 17646                      /usr/lib/x86_64-linux-gnu/ld-linux-x86-64.so.2
7fff6630e000-7fff6632f000 rw-p 00000000 00:00 0                          [stack]
7fff663a9000-7fff663ac000 r--p 00000000 00:00 0                          [vvar]
7fff663ac000-7fff663ae000 r-xp 00000000 00:00 0                          [vdso]
ffffffffff600000-ffffffffff601000 r-xp 00000000 00:00 0                  [vsyscall]


VM Arguments:
java_command: org.jetbrains.kotlin.cli.jvm.K2JVMCompiler @/workspace/app/build/20261006_435843499017441049.compiler.options
java_class_path (initial): /root/.gradle/caches/modules-2/files-2.1/org.jetbrains.kotlin/kotlin-compiler-embeddable/1.9.24/78dab849090e6c5e2eadb6e59a11cdc28fb67a08/kotlin-compiler-embeddable-1.9.24.jar:/root/.gradle/caches/modules-2/files-2.1/org.jetbrains.kotlin/kotlin-stdlib/1.9.24/9928532f12c66ad816a625b3f9984f8368ca6d2b/kotlin-stdlib-1.9.24.jar:/root/.gradle/caches/modules-2/files-2.1/org.jetbrains.kotlin/kotlin-script-runtime/1.9.24/96771497da90fbc5af1c90fce148db2595a62502/kotlin-script-runtime-1.9.24.jar:/root/.gradle/caches/modules-2/files-2.1/org.jetbrains.kotlin/kotlin-reflect/1.6.10/1cbe9c92c12a94eea200d23c2bbaedaf3daf5132/kotlin-reflect-1.6.10.jar:/root/.gradle/caches/modules-2/files-2.1/org.jetbrains.kotlin/kotlin-daemon-embeddable/1.9.24/86685b9c5e8d170925bd9ddbdc263374a6a73281/kotlin-daemon-embeddable-1.9.24.jar:/root/.gradle/caches/modules-2/files-2.1/org.jetbrains.intellij.deps/trove4j/1.0.20200330/3afb14d5f9ceb459d724e907a21145e8ff394f02/trove4j-1.0.20200330.jar:/root/.gradle/caches/modules-2/files-2.1/org.jetbrains/annotations/13.0/919f0dfe192fb4e063e7dacadee7f8bb9a2672a9/annotations-13.0.jar
Launcher Type: SUN_STANDARD

[Global flags]
     intx CICompilerCount                          = 2                                         {product} {ergonomic}
     uint ConcGCThreads                            = 1                                         {product} {ergonomic}
     uint G1ConcRefinementThreads                  = 2                                         {product} {ergonomic}
   size_t G1HeapRegionSize                         = 1048576                                   {product} {ergonomic}
    uintx GCDrainStackTargetSize                   = 64                                        {product} {ergonomic}
   size_t InitialHeapSize                          = 33554432                                  {product} {ergonomic}
   size_t MarkStackSize                            = 4194304                                   {product} {ergonomic}
   size_t MaxHeapSize                              = 536870912                                 {product} {ergonomic}
   size_t MaxNewSize                               = 321912832                                 {product} {ergonomic}
   size_t MinHeapDeltaBytes                        = 1048576                                   {product} {ergonomic}
   size_t MinHeapSize                              = 8388608                                   {product} {ergonomic}
    uintx NonNMethodCodeHeapSize                   = 5826188                                {pd product} {ergonomic}
    uintx NonProfiledCodeHeapSize                  = 122916026                              {pd product} {ergonomic}
    uintx ProfiledCodeHeapSize                     = 122916026                              {pd product} {ergonomic}
    uintx ReservedCodeCacheSize                    = 251658240                              {pd product} {ergonomic}
     bool SegmentedCodeCache                       = true                                      {product} {ergonomic}
   size_t SoftMaxHeapSize                          = 536870912                              {manageable} {ergonomic}
     bool UseCompressedClassPointers               = true                           {product lp64_product} {ergonomic}
     bool UseCompressedOops                        = true                           {product lp64_product} {ergonomic}
     bool UseG1GC                                  = true                                      {product} {ergonomic}

Logging:
Log output configuration:
 #0: stdout all=warning uptime,level,tags
 #1: stderr all=off uptime,level,tags

Environment Variables:
PATH=/usr/local/sbin:/usr/local/bin:/usr/sbin:/usr/bin:/sbin:/bin
SHELL=/bin/bash
LANG=C.UTF-8
LC_ALL=C.UTF-8
TERM=tmux-256color

Active Locale:
LC_ALL=C.UTF-8
LC_COLLATE=C.UTF-8
LC_CTYPE=C.UTF-8
LC_MESSAGES=C.UTF-8
LC_MONETARY=C.UTF-8
LC_NUMERIC=C.UTF-8
LC_TIME=C.UTF-8

Signal Handlers:
   SIGSEGV: crash_handler in libjvm.so, mask=11100100010111111101111111111110, flags=SA_RESTART|SA_SIGINFO, unblocked
    SIGBUS: crash_handler in libjvm.so, mask=11100100010111111101111111111110, flags=SA_RESTART|SA_SIGINFO, unblocked
    SIGFPE: crash_handler in libjvm.so, mask=11100100010111111101111111111110, flags=SA_RESTART|SA_SIGINFO, unblocked
   SIGPIPE: javaSignalHandler in libjvm.so, mask=11100100010111111101111111111110, flags=SA_RESTART|SA_SIGINFO, unblocked
   SIGXFSZ: javaSignalHandler in libjvm.so, mask=11100100010111111101111111111110, flags=SA_RESTART|SA_SIGINFO, unblocked
    SIGILL: crash_handler in libjvm.so, mask=11100100010111111101111111111110, flags=SA_RESTART|SA_SIGINFO, unblocked
   SIGUSR2: SR_handler in libjvm.so, mask=00100000000000000000000000000000, flags=SA_RESTART|SA_SIGINFO, unblocked
    SIGHUP: UserHandler in libjvm.so, mask=11100100010111111101111111111110, flags=SA_RESTART|SA_SIGINFO, unblocked
    SIGINT: UserHandler in libjvm.so, mask=11100100010111111101111111111110, flags=SA_RESTART|SA_SIGINFO, unblocked
   SIGTERM: UserHandler in libjvm.so, mask=11100100010111111101111111111110, flags=SA_RESTART|SA_SIGINFO, unblocked
   SIGQUIT: UserHandler in libjvm.so, mask=11100100010111111101111111111110, flags=SA_RESTART|SA_SIGINFO, unblocked
   SIGTRAP: crash_handler in libjvm.so, mask=11100100010111111101111111111110, flags=SA_RESTART|SA_SIGINFO, unblocked


Periodic native trim disabled


---------------  S Y S T E M  ---------------

OS:
PRETTY_NAME="Debian GNU/Linux 12 (bookworm)"
NAME="Debian GNU/Linux"
VERSION_ID="12"
VERSION="12 (bookworm)"
VERSION_CODENAME=bookworm
ID=debian
HOME_URL="https://www.debian.org/"
SUPPORT_URL="https://www.debian.org/support"
BUG_REPORT_URL="https://bugs.debian.org/"
uname: Linux 4.19.91-c8dfc93.al7.x86_64 #1 SMP Tue Sep 26 10:25:51 UTC 2023 x86_64
OS uptime: 0 days 1:14 hours
libc: glibc 2.36 NPTL 2.36 
rlimit (soft/hard): STACK 8192k/infinity , CORE 0k/0k , NPROC 100000/100000 , NOFILE 100000/100000 , AS infinity/infinity , CPU infinity/infinity , DATA infinity/infinity , FSIZE infinity/infinity , MEMLOCK 64k/64k
load average: 4.53 3.18 1.79

/proc/meminfo:
MemTotal:        2152516 kB
MemFree:           30212 kB
MemAvailable:      23356 kB
Buffers:            1068 kB
Cached:            34204 kB
SwapCached:            0 kB
Active:          2019092 kB
Inactive:          20284 kB
Active(anon):    2004224 kB
Inactive(anon):       16 kB
Active(file):      14868 kB
Inactive(file):    20268 kB
Unevictable:           0 kB
Mlocked:               0 kB
SwapTotal:             0 kB
SwapFree:              0 kB
Dirty:                96 kB
Writeback:             0 kB
AnonPages:       2004224 kB
Mapped:            19392 kB
Shmem:                32 kB
Slab:              31612 kB
SReclaimable:      18604 kB
SUnreclaim:        13008 kB
KernelStack:        3360 kB
PageTables:         5700 kB
NFS_Unstable:          0 kB
Bounce:                0 kB
WritebackTmp:          0 kB
CommitLimit:     1076256 kB
Committed_AS:    2200364 kB
VmallocTotal:   34359738367 kB
VmallocUsed:           0 kB
VmallocChunk:          0 kB
Percpu:              384 kB
AnonHugePages:    595968 kB
ShmemHugePages:        0 kB
ShmemPmdMapped:        0 kB
HugePages_Total:       0
HugePages_Free:        0
HugePages_Rsvd:        0
HugePages_Surp:        0
Hugepagesize:       2048 kB
Hugetlb:               0 kB
DirectMap4k:        8192 kB
DirectMap2M:     2523136 kB
DirectMap1G:           0 kB

/sys/kernel/mm/transparent_hugepage/enabled: [always] madvise never
/sys/kernel/mm/transparent_hugepage/hpage_pmd_size: 2097152
/sys/kernel/mm/transparent_hugepage/defrag (defrag/compaction efforts parameter): always defer defer+madvise madvise [never]

Process Memory:
Virtual Size: 3068780K (peak: 3122812K)
Resident Set Size: 176208K (peak: 177052K) (anon: 160164K, file: 16044K, shmem: 0K)
Swapped out: 0K
C-Heap outstanding allocations: 38214K, retained: 17954K
glibc malloc tunables: (default)

/proc/sys/kernel/threads-max (system-wide limit on the number of threads): 1129
/proc/sys/vm/max_map_count (maximum number of memory map areas a process may have): 65530
/proc/sys/vm/swappiness (control to define how aggressively the kernel swaps out anonymous memory): 60
/proc/sys/kernel/pid_max (system-wide limit on number of process identifiers): 32768

container (cgroup) information:
container_type: cgroupv1
cpu_cpuset_cpus: 0-1
cpu_memory_nodes: 0
active_processor_count: 2
cpu_quota: no quota
cpu_period: 100000
cpu_shares: 12288
memory_limit_in_bytes: 2097152 k
memory_and_swap_limit_in_bytes: unlimited
memory_soft_limit_in_bytes: unlimited
memory_usage_in_bytes: 2059720 k
memory_max_usage_in_bytes: 2069764 k
rss_usage_in_bytes: 1996604 k
cache_usage_in_bytes: 35340 k
kernel_memory_limit_in_bytes: unlimited
kernel_memory_usage_in_bytes: 27628 k
kernel_memory_max_usage_in_bytes: 81920 k
maximum number of tasks: unlimited
current number of tasks: 136

KVM virtualization detected
Steal ticks since vm start: 423
Steal ticks percentage since vm start:  0.312

CPU: total 2 (initial active 2) (2 cores per cpu, 1 threads per core) family 6 model 85 stepping 7 microcode 0x1, cx8, cmov, fxsr, mmx, 3dnowpref, sse, sse2, sse3, ssse3, sse4.1, sse4.2, popcnt, lzcnt, tsc, tscinvbit, avx, avx2, aes, erms, clmul, bmi1, bmi2, adx, avx512f, avx512dq, avx512cd, avx512bw, avx512vl, fma, vzeroupper, avx512_vnni, clflush, clflushopt, clwb, hv
CPU Model and flags from /proc/cpuinfo:
model name	: Intel(R) Xeon(R) Processor @ 2.50GHz
flags		: fpu vme de pse tsc msr pae mce cx8 apic sep mtrr pge mca cmov pat pse36 clflush mmx fxsr sse sse2 ss ht syscall nx pdpe1gb rdtscp lm constant_tsc rep_good nopl xtopology nonstop_tsc cpuid tsc_known_freq pni pclmulqdq ssse3 fma cx16 pcid sse4_1 sse4_2 x2apic movbe popcnt tsc_deadline_timer aes xsave avx f16c rdrand hypervisor lahf_lm abm 3dnowprefetch cpuid_fault invpcid_single ssbd ibrs ibpb stibp ibrs_enhanced fsgsbase tsc_adjust bmi1 avx2 smep bmi2 erms invpcid mpx avx512f avx512dq rdseed adx smap clflushopt clwb avx512cd avx512bw avx512vl xsaveopt xsavec xgetbv1 xsaves umip avx512_vnni md_clear arch_capabilities

Online cpus: 0-1
Offline cpus: 
BIOS frequency limitation: <Not Available>
Frequency switch latency (ns): <Not Available>
Available cpu frequencies: <Not Available>
Current governor: <Not Available>
Core performance/turbo boost: <Not Available>

Memory: 4k page, physical 2097152k(37304k free), swap 0k(0k free)
Page Sizes: 4k

vm_info: OpenJDK 64-Bit Server VM (17.0.20+8-1-deb12u1-Debian) for linux-amd64 JRE (17.0.20+8-1-deb12u1-Debian), built on Jul 28 2026 07:08:51 by "buildd" with gcc 12.2.0

END.
